// Jest Snapshot v1, https://goo.gl/fbAQLP

exports[`should render expenseListItem correctly 1`] = `
<div>
  <Link
    replace={false}
    to="/edit/1"
  >
    <h3>
      test exp
    </h3>
  </Link>
  <p>
    199
     $$$ Created at: 
    0
  </p>
</div>
`;
