// Jest Snapshot v1, https://goo.gl/fbAQLP

exports[`should render Header correctly 1`] = `
<header>
  <h1>
    Budget app
  </h1>
  <NavLink
    activeClassName="is-active"
    aria-current="page"
    exact={true}
    to="/"
  >
    home
  </NavLink>
  <NavLink
    activeClassName="is-active"
    aria-current="page"
    to="/create"
  >
    create
  </NavLink>
  <NavLink
    activeClassName="is-active"
    aria-current="page"
    to="/help"
  >
    help
  </NavLink>
  <button
    onClick={[Function]}
  >
    Logout
  </button>
</header>
`;
